--------- beginning of main
--------- beginning of system
11-09 00:48:05.129  6416  6416 I Choreographer: Skipped 30 frames!  The application may be doing too much work on its main thread.
--------- beginning of main
11-09 00:48:05.361  8821  8821 E lutions.todoap: Not starting debugger since process cannot load the jdwp agent.
11-09 00:48:05.687  8821  8846 D libEGL  : Emulator has host GPU support, qemu.gles is set to 1.
11-09 00:48:05.684  8821  8821 W RenderThread: type=1400 audit(0.0:71): avc: denied { write } for name="property_service" dev="tmpfs" ino=8403 scontext=u:r:untrusted_app_27:s0:c146,c256,c512,c768 tcontext=u:object_r:property_socket:s0 tclass=sock_file permissive=0
11-09 00:48:05.687  8821  8846 W libc    : Unable to set property "qemu.gles" to "1": connection failed; errno=13 (Permission denied)
11-09 00:48:05.733  8821  8846 D libEGL  : loaded /vendor/lib64/egl/libEGL_emulation.so
11-09 00:48:05.738  8821  8846 D libEGL  : loaded /vendor/lib64/egl/libGLESv1_CM_emulation.so
11-09 00:48:05.859  8821  8846 D libEGL  : loaded /vendor/lib64/egl/libGLESv2_emulation.so
11-09 00:48:05.984  8821  8821 W lutions.todoapp: type=1400 audit(0.0:72): avc: denied { read } for name="max_map_count" dev="proc" ino=95312 scontext=u:r:untrusted_app_27:s0:c146,c256,c512,c768 tcontext=u:object_r:proc_max_map_count:s0 tclass=file permissive=0
11-09 00:48:06.038  8821  8821 D HostConnection: HostConnection::get() New Host Connection established 0x7a6be06e20, tid 8821
11-09 00:48:06.060  8821  8821 D HostConnection: HostComposition ext ANDROID_EMU_CHECKSUM_HELPER_v1 ANDROID_EMU_native_sync_v2 ANDROID_EMU_native_sync_v3 ANDROID_EMU_native_sync_v4 ANDROID_EMU_dma_v1 ANDROID_EMU_direct_mem ANDROID_EMU_vulkan ANDROID_EMU_deferred_vulkan_commands ANDROID_EMU_vulkan_null_optional_strings ANDROID_EMU_vulkan_create_resources_with_requirements ANDROID_EMU_YUV_Cache ANDROID_EMU_vulkan_ignored_handles ANDROID_EMU_vulkan_free_memory_sync ANDROID_EMU_vulkan_shader_float16_int8 ANDROID_EMU_vulkan_async_queue_submit ANDROID_EMU_sync_buffer_data ANDROID_EMU_vulkan_async_qsri GL_OES_EGL_image_external_essl3 GL_OES_vertex_array_object GL_KHR_texture_compression_astc_ldr ANDROID_EMU_host_side_tracing ANDROID_EMU_gles_max_version_3_0 
11-09 00:48:06.114  8821  8821 D EGL_emulation: eglCreateContext: 0x7a6beca360: maj 3 min 0 rcv 3
11-09 00:48:06.118  8821  8821 D EGL_emulation: eglCreateContext: 0x7a6beca900: maj 3 min 0 rcv 3
11-09 00:48:06.150  8821  8852 D HostConnection: HostConnection::get() New Host Connection established 0x7a6becaea0, tid 8852
11-09 00:48:06.171  8821  8852 D HostConnection: HostComposition ext ANDROID_EMU_CHECKSUM_HELPER_v1 ANDROID_EMU_native_sync_v2 ANDROID_EMU_native_sync_v3 ANDROID_EMU_native_sync_v4 ANDROID_EMU_dma_v1 ANDROID_EMU_direct_mem ANDROID_EMU_vulkan ANDROID_EMU_deferred_vulkan_commands ANDROID_EMU_vulkan_null_optional_strings ANDROID_EMU_vulkan_create_resources_with_requirements ANDROID_EMU_YUV_Cache ANDROID_EMU_vulkan_ignored_handles ANDROID_EMU_vulkan_free_memory_sync ANDROID_EMU_vulkan_shader_float16_int8 ANDROID_EMU_vulkan_async_queue_submit ANDROID_EMU_sync_buffer_data ANDROID_EMU_vulkan_async_qsri GL_OES_EGL_image_external_essl3 GL_OES_vertex_array_object GL_KHR_texture_compression_astc_ldr ANDROID_EMU_host_side_tracing ANDROID_EMU_gles_max_version_3_0 
11-09 00:48:06.176  8821  8852 D EGL_emulation: eglMakeCurrent: 0x7a6beca900: ver 3 0 (tinfo 0x7a15fa59c0)
11-09 00:48:06.351  8821  8821 W lutions.todoap: Accessing hidden method Landroid/view/WindowInsets;->getInsets(I)Landroid/graphics/Insets; (blacklist, linking, denied)
11-09 00:48:06.351  8821  8821 I chatty  : uid=10146(com.iotecksolutions.todoapp) identical 1 line
11-09 00:48:06.351  8821  8821 W lutions.todoap: Accessing hidden method Landroid/view/WindowInsets;->getInsets(I)Landroid/graphics/Insets; (blacklist, linking, denied)
11-09 00:48:06.353  8821  8821 W lutions.todoap: Accessing hidden method Landroid/view/WindowInsets$Type;->ime()I (blacklist, linking, denied)
11-09 00:48:06.382  8821  8821 W FlutterActivityAndFragmentDelegate: A splash screen was provided to Flutter, but this is deprecated. See flutter.dev/go/android-splash-migration for migration steps.
11-09 00:48:06.493  8821  8843 D HostConnection: HostConnection::get() New Host Connection established 0x7a70a54f00, tid 8843
11-09 00:48:06.504  8821  8843 D HostConnection: HostComposition ext ANDROID_EMU_CHECKSUM_HELPER_v1 ANDROID_EMU_native_sync_v2 ANDROID_EMU_native_sync_v3 ANDROID_EMU_native_sync_v4 ANDROID_EMU_dma_v1 ANDROID_EMU_direct_mem ANDROID_EMU_vulkan ANDROID_EMU_deferred_vulkan_commands ANDROID_EMU_vulkan_null_optional_strings ANDROID_EMU_vulkan_create_resources_with_requirements ANDROID_EMU_YUV_Cache ANDROID_EMU_vulkan_ignored_handles ANDROID_EMU_vulkan_free_memory_sync ANDROID_EMU_vulkan_shader_float16_int8 ANDROID_EMU_vulkan_async_queue_submit ANDROID_EMU_sync_buffer_data ANDROID_EMU_vulkan_async_qsri GL_OES_EGL_image_external_essl3 GL_OES_vertex_array_object GL_KHR_texture_compression_astc_ldr ANDROID_EMU_host_side_tracing ANDROID_EMU_gles_max_version_3_0 
11-09 00:48:06.505  8821  8843 W OpenGLRenderer: Failed to choose config with EGL_SWAP_BEHAVIOR_PRESERVED, retrying without...
11-09 00:48:06.511  8821  8843 D EGL_emulation: eglCreateContext: 0x7a70a54fa0: maj 3 min 0 rcv 3
11-09 00:48:06.512  8821  8843 D EGL_emulation: eglMakeCurrent: 0x7a70a54fa0: ver 3 0 (tinfo 0x7a70a18600)
11-09 00:48:06.591  8821  8851 W Gralloc3: mapper 3.x is not supported
11-09 00:48:06.595  8821  8851 D HostConnection: createUnique: call
11-09 00:48:06.595  8821  8843 D HostConnection: createUnique: call
11-09 00:48:06.595  8821  8851 D HostConnection: HostConnection::get() New Host Connection established 0x7a6bec9960, tid 8851
11-09 00:48:06.596  8821  8843 D HostConnection: HostConnection::get() New Host Connection established 0x7a70a55040, tid 8843
11-09 00:48:06.596  8821  8851 D HostConnection: HostComposition ext ANDROID_EMU_CHECKSUM_HELPER_v1 ANDROID_EMU_native_sync_v2 ANDROID_EMU_native_sync_v3 ANDROID_EMU_native_sync_v4 ANDROID_EMU_dma_v1 ANDROID_EMU_direct_mem ANDROID_EMU_vulkan ANDROID_EMU_deferred_vulkan_commands ANDROID_EMU_vulkan_null_optional_strings ANDROID_EMU_vulkan_create_resources_with_requirements ANDROID_EMU_YUV_Cache ANDROID_EMU_vulkan_ignored_handles ANDROID_EMU_vulkan_free_memory_sync ANDROID_EMU_vulkan_shader_float16_int8 ANDROID_EMU_vulkan_async_queue_submit ANDROID_EMU_sync_buffer_data ANDROID_EMU_vulkan_async_qsri GL_OES_EGL_image_external_essl3 GL_OES_vertex_array_object GL_KHR_texture_compression_astc_ldr ANDROID_EMU_host_side_tracing ANDROID_EMU_gles_max_version_3_0
11-09 00:48:06.597  8821  8851 D eglCodecCommon: allocate: Ask for block of size 0x1000
11-09 00:48:06.597  8821  8851 D eglCodecCommon: allocate: ioctl allocate returned offset 0x1fed70000 size 0x8000
11-09 00:48:06.608  8821  8843 D HostConnection: HostComposition ext ANDROID_EMU_CHECKSUM_HELPER_v1 ANDROID_EMU_native_sync_v2 ANDROID_EMU_native_sync_v3 ANDROID_EMU_native_sync_v4 ANDROID_EMU_dma_v1 ANDROID_EMU_direct_mem ANDROID_EMU_vulkan ANDROID_EMU_deferred_vulkan_commands ANDROID_EMU_vulkan_null_optional_strings ANDROID_EMU_vulkan_create_resources_with_requirements ANDROID_EMU_YUV_Cache ANDROID_EMU_vulkan_ignored_handles ANDROID_EMU_vulkan_free_memory_sync ANDROID_EMU_vulkan_shader_float16_int8 ANDROID_EMU_vulkan_async_queue_submit ANDROID_EMU_sync_buffer_data ANDROID_EMU_vulkan_async_qsri GL_OES_EGL_image_external_essl3 GL_OES_vertex_array_object GL_KHR_texture_compression_astc_ldr ANDROID_EMU_host_side_tracing ANDROID_EMU_gles_max_version_3_0
11-09 00:48:06.608  8821  8851 D HostConnection: HostConnection::get() New Host Connection established 0x7a6becbd00, tid 8851
11-09 00:48:06.616  8821  8851 D HostConnection: HostComposition ext ANDROID_EMU_CHECKSUM_HELPER_v1 ANDROID_EMU_native_sync_v2 ANDROID_EMU_native_sync_v3 ANDROID_EMU_native_sync_v4 ANDROID_EMU_dma_v1 ANDROID_EMU_direct_mem ANDROID_EMU_vulkan ANDROID_EMU_deferred_vulkan_commands ANDROID_EMU_vulkan_null_optional_strings ANDROID_EMU_vulkan_create_resources_with_requirements ANDROID_EMU_YUV_Cache ANDROID_EMU_vulkan_ignored_handles ANDROID_EMU_vulkan_free_memory_sync ANDROID_EMU_vulkan_shader_float16_int8 ANDROID_EMU_vulkan_async_queue_submit ANDROID_EMU_sync_buffer_data ANDROID_EMU_vulkan_async_qsri GL_OES_EGL_image_external_essl3 GL_OES_vertex_array_object GL_KHR_texture_compression_astc_ldr ANDROID_EMU_host_side_tracing ANDROID_EMU_gles_max_version_3_0 
11-09 00:48:06.618  8821  8851 D EGL_emulation: eglMakeCurrent: 0x7a6beca360: ver 3 0 (tinfo 0x7a15fa50e0)
11-09 00:48:06.620  8821  8851 D EGL_emulation: eglCreateContext: 0x7a6becbda0: maj 3 min 0 rcv 3
11-09 00:48:06.620  8821  8851 D EGL_emulation: eglMakeCurrent: 0x7a6becbda0: ver 3 0 (tinfo 0x7a15fa50e0)
11-09 00:48:06.620  8821  8851 D EGL_emulation: eglMakeCurrent: 0x7a6beca360: ver 3 0 (tinfo 0x7a15fa50e0)
11-09 00:48:06.624  8821  8851 D EGL_emulation: eglMakeCurrent: 0x7a6beca360: ver 3 0 (tinfo 0x7a15fa50e0)
11-09 00:48:06.627  8821  8843 D EGL_emulation: eglMakeCurrent: 0x7a70a54fa0: ver 3 0 (tinfo 0x7a70a18600)
11-09 00:48:06.832   378   405 I ActivityTaskManager: Displayed com.iotecksolutions.todoapp/.MainActivity: +2s242ms
11-09 00:48:06.909  8821  8850 I flutter : *** Request ***
11-09 00:48:06.911  8821  8850 I flutter : uri: http://jsonplaceholder.typicode.com/posts
11-09 00:48:06.911  8821  8850 I flutter : method: GET
11-09 00:48:06.911  8821  8850 I flutter : responseType: ResponseType.json
11-09 00:48:06.911  8821  8850 I flutter : followRedirects: true
11-09 00:48:06.911  8821  8850 I flutter : connectTimeout: 30000
11-09 00:48:06.911  8821  8850 I flutter : sendTimeout: 0
11-09 00:48:06.911  8821  8850 I flutter : receiveTimeout: 15000
11-09 00:48:06.911  8821  8850 I flutter : receiveDataWhenStatusError: true
11-09 00:48:06.911  8821  8850 I flutter : extra: {}
11-09 00:48:06.911  8821  8850 I flutter : headers:
11-09 00:48:06.911  8821  8850 I flutter : data:
11-09 00:48:06.911  8821  8850 I flutter : null
11-09 00:48:06.911  8821  8850 I flutter : 
11-09 00:48:06.911  8821  8850 I flutter : Auth token is null
11-09 00:48:07.586  8821  8850 I flutter : *** Response ***
11-09 00:48:07.586  8821  8850 I flutter : uri: http://jsonplaceholder.typicode.com/posts
11-09 00:48:07.586  8821  8850 I flutter : statusCode: 200
11-09 00:48:07.586  8821  8850 I flutter : headers:
11-09 00:48:07.586  8821  8850 I flutter :  connection: keep-alive
11-09 00:48:07.586  8821  8850 I flutter :  cache-control: max-age=43200
11-09 00:48:07.587  8821  8850 I flutter :  x-ratelimit-limit: 1000
11-09 00:48:07.587  8821  8850 I flutter :  transfer-encoding: chunked
11-09 00:48:07.587  8821  8850 I flutter :  date: Wed, 08 Nov 2023 19:48:07 GMT
11-09 00:48:07.587  8821  8850 I flutter :  x-ratelimit-reset: 1699255438
11-09 00:48:07.587  8821  8850 I flutter :  content-encoding: gzip
11-09 00:48:07.587  8821  8850 I flutter :  vary: Origin, Accept-Encoding
11-09 00:48:07.587  8821  8850 I flutter :  age: 21832
11-09 00:48:07.587  8821  8850 I flutter :  x-ratelimit-remaining: 999
11-09 00:48:07.587  8821  8850 I flutter :  report-to: {"endpoints":[{"url":"https:\/\/a.nel.cloudflare.com\/report\/v3?s=iJlacDdwhiLdRObicRB2l0WlY9%2FzNBgvyp2RLVGu5vU1VaOQzRMhgbZfIs%2Bqx5XLgzW7d1OLnJ7O5PxMxrpUJFCVw%2FknRth5GtI6Gr9BVF9YuZZs3n2DkIKP6YCjWSjNt2NDhObr85Lr83lWz94%2F"}],"group":"cf-nel","max_age":604800}
11-09 00:48:07.587  8821  8850 I flutter :  cf-cache-status: HIT
11-09 00:48:07.587  8821  8850 I flutter :  content-type: application/json; charset=utf-8
11-09 00:48:07.587  8821  8850 I flutter :  pragma: no-cache
11-09 00:48:07.587  8821  8850 I flutter :  server: cloudflare
11-09 00:48:07.587  8821  8850 I flutter :  x-powered-by: Express
11-09 00:48:07.587  8821  8850 I flutter :  access-control-allow-credentials: true
11-09 00:48:07.587  8821  8850 I flutter :  alt-svc: h3=":443"; ma=86400
11-09 00:48:07.587  8821  8850 I flutter :  nel: {"success_fraction":0,"report_to":"cf-nel","max_age":604800}
11-09 00:48:07.587  8821  8850 I flutter :  cf-ray: 823054edef0c6bdb-SIN
11-09 00:48:07.587  8821  8850 I flutter :  etag: W/"6b80-Ybsq/K6GwwqrYkAsFxqDXGC7DoM"
11-09 00:48:07.587  8821  8850 I flutter :  via: 1.1 vegur
11-09 00:48:07.587  8821  8850 I flutter :  x-content-type-options: nosniff
11-09 00:48:07.587  8821  8850 I flutter :  expires: -1
11-09 00:48:07.587  8821  8850 I flutter : Response Text:
11-09 00:48:07.587  8821  8850 I flutter : [{userId: 1, id: 1, title: sunt aut facere repellat provident occaecati excepturi optio reprehenderit, body: quia et suscipit
11-09 00:48:07.587  8821  8850 I flutter : suscipit recusandae consequuntur expedita et cum
11-09 00:48:07.587  8821  8850 I flutter : reprehenderit molestiae ut ut quas totam
11-09 00:48:07.587  8821  8850 I flutter : nostrum rerum est autem sunt rem eveniet architecto}, {userId: 1, id: 2, title: qui est esse, body: est rerum tempore vitae
11-09 00:48:07.587  8821  8850 I flutter : sequi sint nihil reprehenderit dolor beatae ea dolores neque
11-09 00:48:07.587  8821  8850 I flutter : fugiat blanditiis voluptate porro vel nihil molestiae ut reiciendis
11-09 00:48:07.587  8821  8850 I flutter : qui aperiam non debitis possimus qui neque nisi nulla}, {userId: 1, id: 3, title: ea molestias quasi exercitationem repellat qui ipsa sit aut, body: et iusto sed quo iure
11-09 00:48:07.587  8821  8850 I flutter : voluptatem occaecati omnis eligendi aut ad
11-09 00:48:07.587  8821  8850 I flutter : voluptatem doloribus vel accusantium quis pariatur
11-09 00:48:07.587  8821  8850 I flutter : molestiae porro eius odio et labore et velit aut}, {userId: 1, id: 4, title: eum et est occaecati, body: ullam et saepe reiciendis voluptatem adipisci
11-09 00:48:07.587  8821  8850 I flutter : sit amet autem assumenda provident rerum culpa
11-09 00:48:07.587  8821  8850 I flutter : quis hic commodi nesciunt rem tenetur doloremque ipsam iure
11-09 00:48:07.587  8821  8850 I flutter : quis sunt voluptatem rerum illo velit}, {userId: 1, id: 5, title: nesciunt quas odio, body: repudiandae veniam quaerat sunt sed
11-09 00:48:07.587  8821  8850 I flutter : alias aut fugiat sit autem sed est
11-09 00:48:07.587  8821  8850 I flutter : voluptatem omnis possimus esse voluptatibus quis
11-09 00:48:07.587  8821  8850 I flutter : est aut tenetur dolor neque}, {userId: 1, id: 6, title: dolorem eum magni eos aperiam quia, body: ut aspernatur corporis harum nihil quis provident sequi
11-09 00:48:07.587  8821  8850 I flutter : mollitia nobis aliquid molestiae
11-09 00:48:07.587  8821  8850 I flutter : perspiciatis et ea nemo ab reprehenderit accusantium quas
11-09 00:48:07.587  8821  8850 I flutter : voluptate dolores velit et doloremque molestiae}, {userId: 1, id: 7, title: magnam facilis autem, body: dolore placeat quibusdam ea quo vitae
11-09 00:48:07.587  8821  8850 I flutter : magni quis enim qui quis quo nemo aut saepe
11-09 00:48:07.587  8821  8850 I flutter : quidem repellat excepturi ut quia
11-09 00:48:07.587  8821  8850 I flutter : sunt ut sequi eos ea sed quas}, {userId: 1, id: 8, title: dolorem dolore est ipsam, body: dignissimos aperiam dolorem qui eum
11-09 00:48:07.587  8821  8850 I flutter : facilis quibusdam animi sint suscipit qui sint possimus cum
11-09 00:48:07.587  8821  8850 I flutter : quaerat magni maiores excepturi
11-09 00:48:07.587  8821  8850 I flutter : ipsam ut commodi dolor voluptatum modi aut vitae}, {userId: 1, id: 9, title: nesciunt iure omnis dolorem tempora et accusantium, body: consectetur animi nesciunt iure dolore
11-09 00:48:07.587  8821  8850 I flutter : enim quia ad
11-09 00:48:07.587  8821  8850 I flutter : veniam autem ut quam aut nobis
11-09 00:48:07.587  8821  8850 I flutter : et est aut quod aut provident voluptas autem voluptas}, {userId: 1, id: 10, title: optio molestias id quia eum, body: quo et expedita modi cum officia vel magni
11-09 00:48:07.587  8821  8850 I flutter : doloribus qui repudiandae
11-09 00:48:07.587  8821  8850 I flutter : vero nisi sit
11-09 00:48:07.587  8821  8850 I flutter : quos veniam quod sed accusamus veritatis error}, {userId: 2, id: 11, title: et ea vero quia laudantium autem, body: delectus reiciendis molestiae occaecati non minima eveniet qui voluptatibus
11-09 00:48:07.587  8821  8850 I flutter : accusamus in eum beatae sit
11-09 00:48:07.587  8821  8850 I flutter : vel qui neque voluptates ut commodi qui incidunt
11-09 00:48:07.587  8821  8850 I flutter : ut animi commodi}, {userId: 2, id: 12, title: in quibusdam tempore odit est dolorem, body: itaque id aut magnam
11-09 00:48:07.587  8821  8850 I flutter : praesentium quia et ea odit et ea voluptas et
11-09 00:48:07.587  8821  8850 I flutter : sapiente quia nihil amet occaecati quia id voluptatem
11-09 00:48:07.587  8821  8850 I flutter : incidunt ea est distinctio odio}, {userId: 2, id: 13, title: dolorum ut in voluptas mollitia et saepe quo animi, body: aut dicta possimus sint mollitia voluptas commodi quo doloremque
11-09 00:48:07.587  8821  8850 I flutter : iste corrupti reiciendis voluptatem eius rerum
11-09 00:48:07.587  8821  8850 I flutter : sit cumque quod eligendi laborum minima
11-09 00:48:07.587  8821  8850 I flutter : perferendis recusandae assumenda consectetur porro architecto ipsum ipsam}, {userId: 2, id: 14, title: voluptatem eligendi optio, body: fuga et accusamus dolorum perferendis illo voluptas
11-09 00:48:07.587  8821  8850 I flutter : non doloremque neque facere
11-09 00:48:07.587  8821  8850 I flutter : ad qui dolorum molestiae beatae
11-09 00:48:07.587  8821  8850 I flutter : sed aut voluptas totam sit illum}, {userId: 2, id: 15, title: eveniet quod temporibus, body: reprehenderit quos placeat
11-09 00:48:07.587  8821  8850 I flutter : velit minima officia dolores impedit repudiandae molestiae nam
11-09 00:48:07.587  8821  8850 I flutter : voluptas recusandae quis delectus
11-09 00:48:07.587  8821  8850 I flutter : officiis harum fugiat vitae}, {userId: 2, id: 16, title: sint suscipit perspiciatis velit dolorum rerum ipsa laboriosam odio, body: suscipit nam nisi quo aperiam aut
11-09 00:48:07.587  8821  8850 I flutter : asperiores eos fugit maiores voluptatibus quia
11-09 00:48:07.587  8821  8850 I flutter : voluptatem quis ullam qui in alias quia est
11-09 00:48:07.587  8821  8850 I flutter : consequatur magni mollitia accusamus ea nisi voluptate dicta}, {userId: 2, id: 17, title: fugit voluptas sed molestias voluptatem provident, body: eos voluptas et aut odit natus earum
11-09 00:48:07.587  8821  8850 I flutter : aspernatur fuga molestiae ullam
11-09 00:48:07.587  8821  8850 I flutter : deserunt ratione qui eos
11-09 00:48:07.587  8821  8850 I flutter : qui nihil ratione nemo velit ut aut id quo}, {userId: 2, id: 18, title: voluptate et itaque vero tempora molestiae, body: eveniet quo quis
11-09 00:48:07.587  8821  8850 I flutter : laborum totam consequatur non dolor
11-09 00:48:07.587  8821  8850 I flutter : ut et est repudiandae
11-09 00:48:07.587  8821  8850 I flutter : est voluptatem vel debitis et magnam}, {userId: 2, id: 19, title: adipisci placeat illum aut reiciendis qui, body: illum quis cupiditate provident sit magnam
11-09 00:48:07.587  8821  8850 I flutter : ea sed aut omnis
11-09 00:48:07.587  8821  8850 I flutter : veniam maiores ullam consequatur atque
11-09 00:48:07.587  8821  8850 I flutter : adipisci quo iste expedita sit quos voluptas}, {userId: 2, id: 20, title: doloribus ad provident suscipit at, body: qui consequuntur ducimus possimus quisquam amet similique
11-09 00:48:07.587  8821  8850 I flutter : suscipit porro ipsam amet
11-09 00:48:07.587  8821  8850 I flutter : eos veritatis officiis exercitationem vel fugit aut necessitatibus totam
11-09 00:48:07.587  8821  8850 I flutter : omnis rerum consequatur expedita quidem cumque explicabo}, {userId: 3, id: 21, title: asperiores ea ipsam voluptatibus modi minima quia sint, body: repellat aliquid praesentium dolorem quo
11-09 00:48:07.587  8821  8850 I flutter : sed totam minus non itaque
11-09 00:48:07.588  8821  8850 I flutter : nihil labore molestiae sunt dolor eveniet hic recusandae veniam
11-09 00:48:07.588  8821  8850 I flutter : tempora et tenetur expedita sunt}, {userId: 3, id: 22, title: dolor sint quo a velit explicabo quia nam, body: eos qui et ipsum ipsam suscipit aut
11-09 00:48:07.588  8821  8850 I flutter : sed omnis non odio
11-09 00:48:07.588  8821  8850 I flutter : expedita earum mollitia molestiae aut atque rem suscipit
11-09 00:48:07.588  8821  8850 I flutter : nam impedit esse}, {userId: 3, id: 23, title: maxime id vitae nihil numquam, body: veritatis unde neque eligendi
11-09 00:48:07.588  8821  8850 I flutter : quae quod architecto quo neque vitae
11-09 00:48:07.588  8821  8850 I flutter : est illo sit tempora doloremque fugit quod
11-09 00:48:07.588  8821  8850 I flutter : et et vel beatae sequi ullam sed tenetur perspiciatis}, {userId: 3, id: 24, title: autem hic labore sunt dolores incidunt, body: enim et ex nulla
11-09 00:48:07.588  8821  8850 I flutter : omnis voluptas quia qui
11-09 00:48:07.588  8821  8850 I flutter : voluptatem consequatur numquam aliquam sunt
11-09 00:48:07.588  8821  8850 I flutter : totam recusandae id dignissimos aut sed asperiores deserunt}, {userId: 3, id: 25, title: rem alias distinctio quo quis, body: ullam consequatur ut
11-09 00:48:07.588  8821  8850 I flutter : omnis quis sit vel consequuntur
11-09 00:48:07.588  8821  8850 I flutter : ipsa eligendi ipsum molestiae et omnis error nostrum
11-09 00:48:07.588  8821  8850 I flutter : molestiae illo tempore quia et distinctio}, {userId: 3, id: 26, title: est et quae odit qui non, body: similique esse doloribus nihil accusamus
11-09 00:48:07.588  8821  8850 I flutter : omnis dolorem fuga consequuntur reprehenderit fugit recusandae temporibus
11-09 00:48:07.588  8821  8850 I flutter : perspiciatis cum ut laudantium
11-09 00:48:07.588  8821  8850 I flutter : omnis aut molestiae vel vero}, {userId: 3, id: 27, title: quasi id et eos tenetur aut quo autem, body: eum sed dolores ipsam sint possimus debitis occaecati
11-09 00:48:07.588  8821  8850 I flutter : debitis qui qui et
11-09 00:48:07.588  8821  8850 I flutter : ut placeat enim earum aut odit facilis
11-09 00:48:07.588  8821  8850 I flutter : consequatur suscipit necessitatibus rerum sed inventore temporibus consequatur}, {userId: 3, id: 28, title: delectus ullam et corporis nulla voluptas sequi, body: non et quaerat ex quae ad maiores
11-09 00:48:07.588  8821  8850 I flutter : maiores recusandae totam aut blanditiis mollitia quas illo
11-09 00:48:07.588  8821  8850 I flutter : ut voluptatibus voluptatem
11-09 00:48:07.588  8821  8850 I flutter : similique nostrum eum}, {userId: 3, id: 29, title: iusto eius quod necessitatibus culpa ea, body: odit magnam ut saepe sed non qui
11-09 00:48:07.588  8821  8850 I flutter : tempora atque nihil
11-09 00:48:07.588  8821  8850 I flutter : accusamus illum doloribus illo dolor
11-09 00:48:07.588  8821  8850 I flutter : eligendi repudiandae odit magni similique sed cum maiores}, {userId: 3, id: 30, title: a quo magni similique perferendis, body: alias dolor cumque
11-09 00:48:07.588  8821  8850 I flutter : impedit blanditiis non eveniet odio maxime
11-09 00:48:07.588  8821  8850 I flutter : blanditiis amet eius quis tempora quia autem rem
11-09 00:48:07.588  8821  8850 I flutter : a provident perspiciatis quia}, {userId: 4, id: 31, title: ullam ut quidem id aut vel consequuntur, body: debitis eius sed quibusdam non quis consectetur vitae
11-09 00:48:07.588  8821  8850 I flutter : impedit ut qui consequatur sed aut in
11-09 00:48:07.588  8821  8850 I flutter : quidem sit nostrum et maiores adipisci atque
11-09 00:48:07.588  8821  8850 I flutter : quaerat voluptatem adipisci repudiandae}, {userId: 4, id: 32, title: doloremque illum aliquid sunt, body: deserunt eos nobis asperiores et hic
11-09 00:48:07.588  8821  8850 I flutter : est debitis repellat molestiae optio
11-09 00:48:07.588  8821  8850 I flutter : nihil ratione ut eos beatae quibusdam distinctio maiores
11-09 00:48:07.588  8821  8850 I flutter : earum voluptates et aut adipisci ea maiores voluptas maxime}, {userId: 4, id: 33, title: qui explicabo molestiae dolorem, body: rerum ut et numquam laborum odit est sit
11-09 00:48:07.588  8821  8850 I flutter : id qui sint in
11-09 00:48:07.588  8821  8850 I flutter : quasi tenetur tempore aperiam et quaerat qui in
11-09 00:48:07.588  8821  8850 I flutter : rerum officiis sequi cumque quod}, {userId: 4, id: 34, title: magnam ut rerum iure, body: ea velit perferendis earum ut voluptatem voluptate itaque iusto
11-09 00:48:07.588  8821  8850 I flutter : totam pariatur in
11-09 00:48:07.588  8821  8850 I flutter : nemo voluptatem voluptatem autem magni tempora minima in
11-09 00:48:07.588  8821  8850 I flutter : est distinctio qui assumenda accusamus dignissimos officia nesciunt nobis}, {userId: 4, id: 35, title: id nihil consequatur molestias animi provident, body: nisi error delectus possimus ut eligendi vitae
11-09 00:48:07.588  8821  8850 I flutter : placeat eos harum cupiditate facilis reprehenderit voluptatem beatae
11-09 00:48:07.588  8821  8850 I flutter : modi ducimus quo illum voluptas eligendi
11-09 00:48:07.588  8821  8850 I flutter : et nobis quia fugit}, {userId: 4, id: 36, title: fuga nam accusamus voluptas reiciendis itaque, body: ad mollitia et omnis minus architecto odit
11-09 00:48:07.588  8821  8850 I flutter : voluptas doloremque maxime aut non ipsa qui alias veniam
11-09 00:48:07.588  8821  8850 I flutter : blanditiis culpa aut quia nihil cumque facere et occaecati
11-09 00:48:07.588  8821  8850 I flutter : qui aspernatur quia eaque ut aperiam inventore}, {userId: 4, id: 37, title: provident vel ut sit ratione est, body: debitis et eaque non officia sed nesciunt pariatur vel
11-09 00:48:07.588  8821  8850 I flutter : voluptatem iste vero et ea
11-09 00:48:07.588  8821  8850 I flutter : numquam aut expedita ipsum nulla in
11-09 00:48:07.588  8821  8850 I flutter : voluptates omnis consequatur aut enim officiis in quam qui}, {userId: 4, id: 38, title: explicabo et eos deleniti nostrum ab id repellendus, body: animi esse sit aut sit nesciunt assumenda eum voluptas
11-09 00:48:07.588  8821  8850 I flutter : quia voluptatibus provident quia necessitatibus ea
11-09 00:48:07.588  8821  8850 I flutter : rerum repudiandae quia voluptatem delectus fugit aut id quia
11-09 00:48:07.588  8821  8850 I flutter : ratione optio eos iusto veniam iure}, {userId: 4, id: 39, title: eos dolorem iste accusantium est eaque quam, body: corporis rerum ducimus vel eum accusantium
11-09 00:48:07.588  8821  8850 I flutter : maxime aspernatur a porro possimus iste omnis
11-09 00:48:07.588  8821  8850 I flutter : est in deleniti asperiores fuga aut
11-09 00:48:07.588  8821  8850 I flutter : voluptas sapiente vel dolore minus voluptatem incidunt ex}, {userId: 4, id: 40, title: enim quo cumque, body: ut voluptatum aliquid illo tenetur nemo sequi quo facilis
11-09 00:48:07.588  8821  8850 I flutter : ipsum rem optio mollitia quas
11-09 00:48:07.588  8821  8850 I flutter : voluptatem eum voluptas qui
11-09 00:48:07.588  8821  8850 I flutter : unde omnis voluptatem iure quasi maxime voluptas nam}, {userId: 5, id: 41, title: non est facere, body: molestias id nostrum
11-09 00:48:07.588  8821  8850 I flutter : excepturi molestiae dolore omnis repellendus quaerat saepe
11-09 00:48:07.588  8821  8850 I flutter : consectetur iste quaerat tenetur asperiores accusamus ex ut
11-09 00:48:07.588  8821  8850 I flutter : nam quidem est ducimus sunt debitis saepe}, {userId: 5, id: 42, title: commodi ullam sint et excepturi error explicabo praesentium voluptas, body: odio fugit voluptatum ducimus earum autem est incidunt voluptatem
11-09 00:48:07.588  8821  8850 I flutter : odit reiciendis aliquam sunt sequi nulla dolorem
11-09 00:48:07.588  8821  8850 I flutter : non facere repellendus voluptates quia
11-09 00:48:07.588  8821  8850 I flutter : ratione harum vitae ut}, {userId: 5, id: 43, title: eligendi iste nostrum consequuntur adipisci praesentium sit beatae perferendis, body: similique fugit est
11-09 00:48:07.588  8821  8850 I flutter : illum et dolorum harum et voluptate eaque quidem
11-09 00:48:07.588  8821  8850 I flutter : exercitationem quos nam commodi possimus cum odio nihil nulla
11-09 00:48:07.588  8821  8850 I flutter : dolorum exercitationem magnam ex et a et distinctio debitis}, {userId: 5, id: 44, title: optio dolor molestias sit, body: temporibus est consectetur dolore
11-09 00:48:07.588  8821  8850 I flutter : et libero debitis vel velit laboriosam quia
11-09 00:48:07.588  8821  8850 I flutter : ipsum quibusdam qui itaque fuga rem aut
11-09 00:48:07.588  8821  8850 I flutter : ea et iure quam sed maxime ut distinctio quae}, {userId: 5, id: 45, title: ut numquam possimus omnis eius suscipit laudantium iure, body: est natus reiciendis nihil possimus aut provident
11-09 00:48:07.588  8821  8850 I flutter : ex et dolor
11-09 00:48:07.588  8821  8850 I flutter : repellat pariatur est
11-09 00:48:07.588  8821  8850 I flutter : nobis rerum repellendus dolorem autem}, {userId: 5, id: 46, title: aut quo modi neque nostrum ducimus, body: voluptatem quisquam iste
11-09 00:48:07.588  8821  8850 I flutter : voluptatibus natus officiis facilis dolorem
11-09 00:48:07.588  8821  8850 I flutter : quis quas ipsam
11-09 00:48:07.588  8821  8850 I flutter : vel et voluptatum in aliquid}, {userId: 5, id: 47, title: quibusdam cumque rem aut deserunt, body: voluptatem assumenda ut qui ut cupiditate aut impedit veniam
11-09 00:48:07.588  8821  8850 I flutter : occaecati nemo illum voluptatem laudantium
11-09 00:48:07.588  8821  8850 I flutter : molestiae beatae rerum ea iure soluta nostrum
11-09 00:48:07.588  8821  8850 I flutter : eligendi et voluptate}, {userId: 5, id: 48, title: ut voluptatem illum ea doloribus itaque eos, body: voluptates quo voluptatem facilis iure occaecati
11-09 00:48:07.588  8821  8850 I flutter : vel assumenda rerum officia et
11-09 00:48:07.588  8821  8850 I flutter : illum perspiciatis ab deleniti
11-09 00:48:07.588  8821  8850 I flutter : laudantium repellat ad ut et autem reprehenderit}, {userId: 5, id: 49, title: laborum non sunt aut ut assumenda perspiciatis voluptas, body: inventore ab sint
11-09 00:48:07.588  8821  8850 I flutter : natus fugit id nulla sequi architecto nihil quaerat
11-09 00:48:07.588  8821  8850 I flutter : eos tenetur in in eum veritatis non
11-09 00:48:07.588  8821  8850 I flutter : quibusdam officiis aspernatur cumque aut commodi aut}, {userId: 5, id: 50, title: repellendus qui recusandae incidunt voluptates tenetur qui omnis exercitationem, body: error suscipit maxime adipisci consequuntur recusandae
11-09 00:48:07.588  8821  8850 I flutter : voluptas eligendi et est et voluptates
11-09 00:48:07.588  8821  8850 I flutter : quia distinctio ab amet quaerat molestiae et vitae
11-09 00:48:07.588  8821  8850 I flutter : adipisci impedit sequi nesciunt quis consectetur}, {userId: 6, id: 51, title: soluta aliquam aperiam consequatur illo quis voluptas, body: sunt dolores aut doloribus
11-09 00:48:07.588  8821  8850 I flutter : dolore doloribus voluptates tempora et
11-09 00:48:07.588  8821  8850 I flutter : doloremque et quo
11-09 00:48:07.588  8821  8850 I flutter : cum asperiores sit consectetur dolorem}, {userId: 6, id: 52, title: qui enim et consequuntur quia animi quis voluptate quibusdam, body: iusto est quibusdam fuga quas quaerat molestias
11-09 00:48:07.588  8821  8850 I flutter : a enim ut sit accusamus enim
11-09 00:48:07.588  8821  8850 I flutter : temporibus iusto accusantium provident architecto
11-09 00:48:07.588  8821  8850 I flutter : soluta esse reprehenderit qui laborum}, {userId: 6, id: 53, title: ut quo aut ducimus alias, body: minima harum praesentium eum rerum illo dolore
11-09 00:48:07.588  8821  8850 I flutter : quasi exercitationem rerum nam
11-09 00:48:07.588  8821  8850 I flutter : porro quis neque quo
11-09 00:48:07.588  8821  8850 I flutter : consequatur minus dolor quidem veritatis sunt non explicabo similique}, {userId: 6, id: 54, title: sit asperiores ipsam eveniet odio non quia, body: totam corporis dignissimos
11-09 00:48:07.588  8821  8850 I flutter : vitae dolorem ut occaecati accusamus
11-09 00:48:07.588  8821  8850 I flutter : ex velit deserunt
11-09 00:48:07.588  8821  8850 I flutter : et exercitationem vero incidunt corrupti mollitia}, {userId: 6, id: 55, title: sit vel voluptatem et non libero, body: debitis excepturi ea perferendis harum libero optio
11-09 00:48:07.588  8821  8850 I flutter : eos accusamus cum fuga ut sapiente repudiandae
11-09 00:48:07.588  8821  8850 I flutter : et ut incidunt omnis molestiae
11-09 00:48:07.588  8821  8850 I flutter : nihil ut eum odit}, {userId: 6, id: 56, title: qui et at rerum necessitatibus, body: aut est omnis dolores
11-09 00:48:07.588  8821  8850 I flutter : neque rerum quod ea rerum velit pariatur beatae excepturi
11-09 00:48:07.588  8821  8850 I flutter : et provident voluptas corrupti
11-09 00:48:07.588  8821  8850 I flutter : corporis harum reprehenderit dolores eligendi}, {userId: 6, id: 57, title: sed ab est est, body: at pariatur consequuntur earum quidem
11-09 00:48:07.588  8821  8850 I flutter : quo est laudantium soluta voluptatem
11-09 00:48:07.588  8821  8850 I flutter : qui ullam et est
11-09 00:48:07.588  8821  8850 I flutter : et cum voluptas voluptatum repellat est}, {userId: 6, id: 58, title: voluptatum itaque dolores nisi et quasi, body: veniam voluptatum quae adipisci id
11-09 00:48:07.588  8821  8850 I flutter : et id quia eos ad et dolorem
11-09 00:48:07.588  8821  8850 I flutter : aliquam quo nisi sunt eos impedit error
11-09 00:48:07.588  8821  8850 I flutter : ad similique veniam}, {userId: 6, id: 59, title: qui commodi dolor at maiores et quis id accusantium, body: perspiciatis et quam ea autem temporibus non voluptatibus qui
11-09 00:48:07.588  8821  8850 I flutter : beatae a earum officia nesciunt dolores suscipit voluptas et
11-09 00:48:07.588  8821  8850 I flutter : animi doloribus cum rerum quas et magni
11-09 00:48:07.588  8821  8850 I flutter : et hic ut ut commodi expedita sunt}, {userId: 6, id: 60, title: consequatur placeat omnis quisquam quia reprehenderit fugit veritatis facere, body: asperiores sunt ab assumenda cumque modi velit
11-09 00:48:07.588  8821  8850 I flutter : qui esse omnis
11-09 00:48:07.588  8821  8850 I flutter : voluptate et fuga perferendis voluptas
11-09 00:48:07.588  8821  8850 I flutter : illo ratione amet aut et omnis}, {userId: 7, id: 61, title: voluptatem doloribus consectetur est ut ducimus, body: ab nemo optio odio
11-09 00:48:07.588  8821  8850 I flutter : delectus tenetur corporis similique nobis repellendus rerum omnis facilis
11-09 00:48:07.588  8821  8850 I flutter : vero blanditiis debitis in nesciunt doloribus dicta dolores
11-09 00:48:07.588  8821  8850 I flutter : magnam minus velit}, {userId: 7, id: 62, title: beatae enim quia vel, body: enim aspernatur illo distinctio quae praesentium
11-09 00:48:07.588  8821  8850 I flutter : beatae alias amet delectus qui voluptate distinctio
11-09 00:48:07.588  8821  8850 I flutter : odit sint accusantium autem omnis
11-09 00:48:07.588  8821  8850 I flutter : quo molestiae omnis ea eveniet optio}, {userId: 7, id: 63, title: voluptas blanditiis repellendus animi ducimus error sapiente et suscipit, body: enim adipisci aspernatur nemo
11-09 00:48:07.588  8821  8850 I flutter : numquam omnis facere dolorem dolor ex quis temporibus incidunt
11-09 00:48:07.588  8821  8850 I flutter : ab delectus culpa quo reprehenderit blanditiis asperiores
11-09 00:48:07.588  8821  8850 I flutter : accusantium ut quam in voluptatibus voluptas ipsam dicta}, {userId: 7, id: 64, title: et fugit quas eum in in aperiam quod, body: id velit blanditiis
11-09 00:48:07.588  8821  8850 I flutter : eum ea voluptatem
11-09 00:48:07.588  8821  8850 I flutter : molestiae sint occaecati est eos perspiciatis
11-09 00:48:07.588  8821  8850 I flutter : incidunt a error provident eaque aut aut qui}, {userId: 7, id: 65, title: consequatur id enim sunt et et, body: voluptatibus ex esse
11-09 00:48:07.588  8821  8850 I flutter : sint explicabo est aliquid cumque adipisci fuga repellat labore
11-09 00:48:07.588  8821  8850 I flutter : molestiae corrupti ex saepe at asperiores et perferendis
11-09 00:48:07.588  8821  8850 I flutter : natus id esse incidunt pariatur}, {userId: 7, id: 66, title: repudiandae ea animi iusto, body: officia veritatis tenetur vero qui itaque
11-09 00:48:07.588  8821  8850 I flutter : sint non ratione
11-09 00:48:07.588  8821  8850 I flutter : sed et ut asperiores iusto eos molestiae nostrum
11-09 00:48:07.588  8821  8850 I flutter : veritatis quibusdam et nemo iusto saepe}, {userId: 7, id: 67, title: aliquid eos sed fuga est maxime repellendus, body: reprehenderit id nostrum
11-09 00:48:07.588  8821  8850 I flutter : voluptas doloremque pariatur sint et accusantium quia quod aspernatur
11-09 00:48:07.588  8821  8850 I flutter : et fugiat amet
11-09 00:48:07.588  8821  8850 I flutter : non sapiente et consequatur necessitatibus molestiae}, {userId: 7, id: 68, title: odio quis facere architecto reiciendis optio, body: magnam molestiae perferendis quisquam
11-09 00:48:07.588  8821  8850 I flutter : qui cum reiciendis
11-09 00:48:07.588  8821  8850 I flutter : quaerat animi amet hic inventore
11-09 00:48:07.588  8821  8850 I flutter : ea quia deleniti quidem saepe porro velit}, {userId: 7, id: 69, title: fugiat quod pariatur odit minima, body: officiis error culpa consequatur modi asperiores et
11-09 00:48:07.588  8821  8850 I flutter : dolorum assumenda voluptas et vel qui aut vel rerum
11-09 00:48:07.588  8821  8850 I flutter : voluptatum quisquam perspiciatis quia rerum consequatur totam quas
11-09 00:48:07.588  8821  8850 I flutter : sequi commodi repudiandae asperiores et saepe a}, {userId: 7, id: 70, title: voluptatem laborum magni, body: sunt repellendus quae
11-09 00:48:07.588  8821  8850 I flutter : est asperiores aut deleniti esse accusamus repellendus quia aut
11-09 00:48:07.588  8821  8850 I flutter : quia dolorem unde
11-09 00:48:07.588  8821  8850 I flutter : eum tempora esse dolore}, {userId: 8, id: 71, title: et iusto veniam et illum aut fuga, body: occaecati a doloribus
11-09 00:48:07.588  8821  8850 I flutter : iste saepe consectetur placeat eum voluptate dolorem et
11-09 00:48:07.588  8821  8850 I flutter : qui quo quia voluptas
11-09 00:48:07.588  8821  8850 I flutter : rerum ut id enim velit est perferendis}, {userId: 8, id: 72, title: sint hic doloribus consequatur eos non id, body: quam occaecati qui deleniti consectetur
11-09 00:48:07.588  8821  8850 I flutter : consequatur aut facere quas exercitationem aliquam hic voluptas
11-09 00:48:07.588  8821  8850 I flutter : neque id sunt ut aut accusamus
11-09 00:48:07.588  8821  8850 I flutter : sunt consectetur expedita inventore velit}, {userId: 8, id: 73, title: consequuntur deleniti eos quia temporibus ab aliquid at, body: voluptatem cumque tenetur consequatur expedita ipsum nemo quia explicabo
11-09 00:48:07.588  8821  8850 I flutter : aut eum minima consequatur
11-09 00:48:07.588  8821  8850 I flutter : tempore cumque quae est et
11-09 00:48:07.588  8821  8850 I flutter : et in consequuntur voluptatem voluptates aut}, {userId: 8, id: 74, title: enim unde ratione doloribus quas enim ut sit sapiente, body: odit qui et et necessitatibus sint veniam
11-09 00:48:07.588  8821  8850 I flutter : mollitia amet doloremque molestiae commodi similique magnam et quam
11-09 00:48:07.589  8821  8850 I flutter : accusamus ratione error aut}]
Quit with code null
Logcat pid process exited with code null